###############################################################################
#
# IAR ELF Linker V8.32.3.193/W32 for ARM                  16/Jun/2019  01:32:36
# Copyright 2007-2019 IAR Systems AB.
#
#    Output file  =  
#        F:\OneDrive\OneDrive -
#        alunos.utfpr.edu.br\UTFPR\Engenharia\8Periodo\Sistemas
#        Embarcados\Tiva_RTOS2_IAR8\tarefas\ewarm\Exe\tarefas.out
#    Map file     =  
#        F:\OneDrive\OneDrive -
#        alunos.utfpr.edu.br\UTFPR\Engenharia\8Periodo\Sistemas
#        Embarcados\Tiva_RTOS2_IAR8\tarefas\ewarm\List\tarefas.map
#    Command line =  
#        -f C:\Users\adilc\AppData\Local\Temp\EW37AD.tmp ("F:\OneDrive\OneDrive
#        - alunos.utfpr.edu.br\UTFPR\Engenharia\8Periodo\Sistemas
#        Embarcados\Tiva_RTOS2_IAR8\tarefas\ewarm\Obj\driverleds.o"
#        "F:\OneDrive\OneDrive -
#        alunos.utfpr.edu.br\UTFPR\Engenharia\8Periodo\Sistemas
#        Embarcados\Tiva_RTOS2_IAR8\driverlib\ewarm\Exe\driverlib.a"
#        "F:\OneDrive\OneDrive -
#        alunos.utfpr.edu.br\UTFPR\Engenharia\8Periodo\Sistemas
#        Embarcados\Tiva_RTOS2_IAR8\tarefas\ewarm\Obj\main.o"
#        "F:\OneDrive\OneDrive -
#        alunos.utfpr.edu.br\UTFPR\Engenharia\8Periodo\Sistemas
#        Embarcados\Tiva_RTOS2_IAR8\CMSIS\RTOS2\RTX\Library\IAR\RTX_CM4F.a"
#        "F:\OneDrive\OneDrive -
#        alunos.utfpr.edu.br\UTFPR\Engenharia\8Periodo\Sistemas
#        Embarcados\Tiva_RTOS2_IAR8\tarefas\ewarm\Obj\RTX_Config.o"
#        "F:\OneDrive\OneDrive -
#        alunos.utfpr.edu.br\UTFPR\Engenharia\8Periodo\Sistemas
#        Embarcados\Tiva_RTOS2_IAR8\tarefas\ewarm\Obj\rtx_lib.o"
#        "F:\OneDrive\OneDrive -
#        alunos.utfpr.edu.br\UTFPR\Engenharia\8Periodo\Sistemas
#        Embarcados\Tiva_RTOS2_IAR8\tarefas\ewarm\Obj\startup_tm4c1294.o"
#        "F:\OneDrive\OneDrive -
#        alunos.utfpr.edu.br\UTFPR\Engenharia\8Periodo\Sistemas
#        Embarcados\Tiva_RTOS2_IAR8\tarefas\ewarm\Obj\system_tm4c1294.o"
#        "F:\OneDrive\OneDrive -
#        alunos.utfpr.edu.br\UTFPR\Engenharia\8Periodo\Sistemas
#        Embarcados\Tiva_RTOS2_IAR8\tarefas\ewarm\Obj\uartstdio.o"
#        --no_out_extension -o "F:\OneDrive\OneDrive -
#        alunos.utfpr.edu.br\UTFPR\Engenharia\8Periodo\Sistemas
#        Embarcados\Tiva_RTOS2_IAR8\tarefas\ewarm\Exe\tarefas.out" --map
#        "F:\OneDrive\OneDrive -
#        alunos.utfpr.edu.br\UTFPR\Engenharia\8Periodo\Sistemas
#        Embarcados\Tiva_RTOS2_IAR8\tarefas\ewarm\List\tarefas.map" --config
#        "C:\Program Files (x86)\IAR Systems\Embedded Workbench
#        8.2\arm\config\linker\TexasInstruments\TM4C1294NC.icf" --semihosting
#        --entry __iar_program_start --vfe --text_out locale)
#
###############################################################################

*******************************************************************************
*** RUNTIME MODEL ATTRIBUTES
***

CppFlavor       = *
__SystemLibrary = DLib
__dlib_version  = 6


*******************************************************************************
*** HEAP SELECTION
***

The basic heap was selected because some modules are built with
size limitations (and not runtime checking), and --advanced_heap
was not specified.


*******************************************************************************
*** PLACEMENT SUMMARY
***

"A0":  place at 0x0 { ro section .intvec };
"P1":  place in [from 0x0 to 0xf'ffff] { ro };
define block CSTACK with size = 32K, alignment = 8 { };
define block HEAP with size = 64K, alignment = 8 { };
"P2":  place in [from 0x2000'0000 to 0x2003'ffff] {
          rw, block CSTACK, block HEAP };
initialize by copy { rw };

  Section               Kind         Address    Size  Object
  -------               ----         -------    ----  ------
"A0":                                          0x26c
  .intvec               ro code          0x0   0x26c  startup_tm4c1294.o [1]
                                     - 0x26c   0x26c

"P1":                                         0x3131
  .text                 ro code        0x26c   0x85c  rtx_thread.o [2]
  .text                 ro code        0xac8     0x2  rtx_evr.o [2]
  .text                 ro code        0xaca     0x2  rtx_evr.o [2]
  .text                 ro code        0xacc     0x2  rtx_evr.o [2]
  .text                 ro code        0xace     0x2  rtx_evr.o [2]
  .text                 ro code        0xad0     0x2  rtx_evr.o [2]
  .text                 ro code        0xad2     0x2  rtx_evr.o [2]
  .text                 ro code        0xad4     0x2  rtx_evr.o [2]
  .text                 ro code        0xad6     0x2  rtx_evr.o [2]
  .text                 ro code        0xad8     0x2  rtx_evr.o [2]
  .text                 ro code        0xada     0x2  rtx_evr.o [2]
  .text                 ro code        0xadc     0x2  rtx_evr.o [2]
  .text                 ro code        0xade     0x2  rtx_evr.o [2]
  .text                 ro code        0xae0     0x2  rtx_evr.o [2]
  .text                 ro code        0xae2    0x3a  zero_init3.o [6]
  .text                 ro code        0xb1c    0xe6  rtx_mempool.o [2]
  .text                 ro code        0xc02     0x2  rtx_evr.o [2]
  .text                 ro code        0xc04    0x82  rtx_memory.o [2]
  .text                 ro code        0xc86     0x2  RTX_Config.o [1]
  .text                 ro code        0xc88     0x6  ABImemclr4.o [6]
  .text                 ro code        0xc8e     0x2  rtx_evr.o [2]
  .text                 ro code        0xc90    0x4c  rtx_memory.o [2]
  .text                 ro code        0xcdc   0x33c  rtx_mutex.o [2]
  .text                 ro code       0x1018     0x2  rtx_evr.o [2]
  .text                 ro code       0x101a     0x2  rtx_evr.o [2]
  .text                 ro code       0x101c     0x2  rtx_evr.o [2]
  .text                 ro code       0x101e     0x2  rtx_evr.o [2]
  .text                 ro code       0x1020     0x2  rtx_evr.o [2]
  .text                 ro code       0x1022    0x20  RTX_Config.o [1]
  .text                 ro code       0x1042     0x2  rtx_evr.o [2]
  .text                 ro code       0x1044     0x2  rtx_evr.o [2]
  .text                 ro code       0x1046     0x2  rtx_evr.o [2]
  .text                 ro code       0x1048     0x2  rtx_evr.o [2]
  .text                 ro code       0x104c    0x32  ABImemset48.o [6]
  .text                 ro code       0x107e     0x2  rtx_evr.o [2]
  .text                 ro code       0x1080     0x2  rtx_evr.o [2]
  .text                 ro code       0x1082     0x2  rtx_evr.o [2]
  .text                 ro code       0x1084     0x2  rtx_evr.o [2]
  .text                 ro code       0x1086     0x2  rtx_evr.o [2]
  .text                 ro code       0x1088     0x2  rtx_evr.o [2]
  .text                 ro code       0x108a     0x2  rtx_evr.o [2]
  .text                 ro code       0x108c     0x2  rtx_evr.o [2]
  .text                 ro code       0x108e     0x2  rtx_evr.o [2]
  .text                 ro code       0x1090     0x2  rtx_evr.o [2]
  .text                 ro code       0x1094   0x62c  rtx_msgqueue.o [2]
  .text                 ro code       0x16c0    0xa6  ABImemcpy.o [6]
  .text                 ro code       0x1766     0x2  rtx_evr.o [2]
  .text                 ro code       0x1768     0x2  rtx_evr.o [2]
  .text                 ro code       0x176a     0x2  rtx_evr.o [2]
  .text                 ro code       0x176c     0x6  ABImemclr.o [6]
  .text                 ro code       0x1772     0x2  rtx_evr.o [2]
  .text                 ro code       0x1774     0x2  rtx_evr.o [2]
  .text                 ro code       0x1776     0x2  rtx_evr.o [2]
  .text                 ro code       0x1778     0x2  rtx_evr.o [2]
  .text                 ro code       0x177a     0x2  rtx_evr.o [2]
  .text                 ro code       0x177c     0x2  rtx_evr.o [2]
  .text                 ro code       0x177e     0x2  rtx_evr.o [2]
  .text                 ro code       0x1780   0x174  rtx_system.o [2]
  .text                 ro code       0x18f4     0x2  rtx_evr.o [2]
  .text                 ro code       0x18f6     0x2  rtx_evr.o [2]
  .text                 ro code       0x18f8    0x5e  ABImemset.o [6]
  .text                 ro code       0x1958     0xc  os_systick.o [2]
  .text                 ro code       0x1964   0x348  main.o [1]
  .text                 ro code       0x1cac   0x2b8  sysctl.o [4]
  .text                 ro code       0x1f64   0x2ac  gpio.o [4]
  .text                 ro code       0x2210    0x54  uartstdio.o [1]
  .text                 ro code       0x2264   0x134  timer.o [4]
  .text                 ro code       0x2398   0x2f8  rtx_kernel.o [2]
  .text                 ro code       0x2690   0x154  driverleds.o [1]
  .text                 ro code       0x27e4    0x78  rtx_delay.o [2]
  .text                 ro code       0x285c    0x3c  system_tm4c1294.o [1]
  .text                 ro code       0x2898    0xac  interrupt.o [4]
  .text                 ro code       0x2944    0xa0  uart.o [4]
  .text                 ro code       0x29e4     0x2  rtx_evr.o [2]
  .text                 ro code       0x29e6    0x44  rtx_memory.o [2]
  .text                 ro code       0x2a2a     0x2  rtx_evr.o [2]
  .text                 ro code       0x2a2c     0x2  rtx_evr.o [2]
  .text                 ro code       0x2a30    0x40  os_systick.o [2]
  .text                 ro code       0x2a70     0x6  os_systick.o [2]
  .text                 ro code       0x2a78    0x2c  os_systick.o [2]
  .text                 ro code       0x2aa4     0x2  rtx_evr.o [2]
  .text                 ro code       0x2aa6     0x2  rtx_lib.o [1]
  .text                 ro code       0x2aa8     0x2  rtx_evr.o [2]
  .text                 ro code       0x2aaa     0x2  rtx_evr.o [2]
  .text                 ro code       0x2aac     0x2  rtx_evr.o [2]
  .text                 ro code       0x2aae     0x2  rtx_evr.o [2]
  .text                 ro code       0x2ab0     0x2  rtx_evr.o [2]
  .rodata               const         0x2ab4   0x1b0  sysctl.o [4]
  .rodata               const         0x2c64   0x198  gpio.o [4]
  .text                 ro code       0x2dfc    0xdc  rtx_timer.o [2]
  .text                 ro code       0x2ed8     0x2  rtx_evr.o [2]
  .text                 ro code       0x2edc    0xc4  irq_cm4f.o [2]
  .rodata               const         0x2fa0    0xa0  timer.o [4]
  .rodata               const         0x3040    0x90  gpio.o [4]
  .rodata               const         0x30d0    0x6c  sysctl.o [4]
  .rodata               const         0x313c    0x68  rtx_lib.o [1]
  .text                 ro code       0x31a4    0x38  packbits_init_single.o [6]
  .rodata               const         0x31dc    0x30  sysctl.o [4]
  .text                 ro code       0x320c    0x28  data_init.o [6]
  .rodata               const         0x3234    0x24  rtx_lib.o [1]
  .rodata               const         0x3258    0x24  rtx_lib.o [1]
  .text                 ro code       0x327c    0x22  fpinit_M.o [5]
  .iar.init_table       const         0x32a0    0x20  - Linker created -
  .text                 ro code       0x32c0    0x1e  cmain.o [6]
  .text                 ro code       0x32de     0x4  low_level_init.o [3]
  .text                 ro code       0x32e2     0x4  exit.o [3]
  .text                 ro code       0x32e8     0xa  cexit.o [6]
  .text                 ro code       0x32f4    0x14  exit.o [7]
  .rodata               const         0x3308    0x18  rtx_lib.o [1]
  .rodata               const         0x3320    0x10  main.o [1]
  .text                 ro code       0x3330    0x10  startup_tm4c1294.o [1]
  .rodata               const         0x3340     0xc  main.o [1]
  .rodata               const         0x334c     0xc  uartstdio.o [1]
  .rodata               const         0x3358     0xc  uartstdio.o [1]
  .text                 ro code       0x3364     0xc  cstartup_M.o [6]
  .rodata               const         0x3370     0x4  rtx_lib.o [1]
  .text                 ro code       0x3374     0x4  startup_tm4c1294.o [1]
  .text                 ro code       0x3378     0x4  startup_tm4c1294.o [1]
  .text                 ro code       0x337c     0x4  startup_tm4c1294.o [1]
  .text                 ro code       0x3380     0x4  startup_tm4c1294.o [1]
  .text                 ro code       0x3384     0x4  startup_tm4c1294.o [1]
  .text                 ro code       0x3388     0x4  startup_tm4c1294.o [1]
  .text                 ro code       0x338c     0x4  startup_tm4c1294.o [1]
  .rodata               const         0x3390     0x0  zero_init3.o [6]
  .rodata               const         0x3390     0x0  packbits_init_single.o [6]
  Initializer bytes     const         0x3390     0xd  <for P2-1>
                                    - 0x339d  0x3131

"P2", part 1 of 3:                              0xa4
  P2-1                           0x2000'0000    0xa4  <Init block>
    .data.os            inited   0x2000'0000    0xa4  rtx_kernel.o [2]
                               - 0x2000'00a4    0xa4

"P2", part 2 of 3:                            0x137c
  .bss.os               zero     0x2000'00a8  0x1000  rtx_lib.o [1]
  .bss.os.thread.stack  zero     0x2000'10a8   0x100  rtx_lib.o [1]
  .bss.os.thread.stack  zero     0x2000'11a8   0x100  rtx_lib.o [1]
  .bss.os.msgqueue.mem  zero     0x2000'12a8    0x50  rtx_lib.o [1]
  .bss.os.thread.cb     zero     0x2000'12f8    0x44  rtx_lib.o [1]
  .bss.os.thread.cb     zero     0x2000'133c    0x44  rtx_lib.o [1]
  .bss.os               zero     0x2000'1380    0x40  rtx_lib.o [1]
  .bss.os.msgqueue.cb   zero     0x2000'13c0    0x34  rtx_lib.o [1]
  .bss                  zero     0x2000'13f4     0x4  main.o [1]
  .bss                  zero     0x2000'13f8     0x4  main.o [1]
  .bss                  zero     0x2000'13fc     0x4  main.o [1]
  .bss                  zero     0x2000'1400     0x4  main.o [1]
  .bss                  zero     0x2000'1404     0x4  main.o [1]
  .bss                  zero     0x2000'1408     0x4  main.o [1]
  .bss                  zero     0x2000'140c     0x4  main.o [1]
  .bss                  zero     0x2000'1410     0x4  main.o [1]
  .bss                  zero     0x2000'1414     0x4  system_tm4c1294.o [1]
  .bss                  zero     0x2000'1418     0x4  uartstdio.o [1]
  .bss                  zero     0x2000'141c     0x1  os_systick.o [2]
                               - 0x2000'141d  0x1379

"P2", part 3 of 3:                            0x8270
  VTABLE                uninit   0x2000'1800   0x26c  interrupt.o [4]
  CSTACK                         0x2000'1a70  0x8000  <Block>
    CSTACK              uninit   0x2000'1a70  0x8000  <Block tail>
                               - 0x2000'9a70  0x8270

Unused ranges:

         From           To      Size
         ----           --      ----
       0x339d     0xf'ffff  0xf'cc63
  0x2000'1420  0x2000'17ff     0x3e0
  0x2000'9a70  0x2003'ffff  0x3'6590


*******************************************************************************
*** INIT TABLE
***

          Address      Size
          -------      ----
Zero (__iar_zero_init3)
    1 destination range, total size 0x1375:
          0x2000'00a8  0x1375

Copy/packbits (__iar_packbits_init_single3)
    1 source range, total size 0xd (7% of destination):
               0x3390     0xd
    1 destination range, total size 0xa4:
          0x2000'0000    0xa4



*******************************************************************************
*** MODULE SUMMARY
***

    Module                  ro code  ro data  rw data
    ------                  -------  -------  -------
command line/config:
    -------------------------------------------------
    Total:

F:\OneDrive\OneDrive - alunos.utfpr.edu.br\UTFPR\Engenharia\8Periodo\Sistemas Embarcados\Tiva_RTOS2_IAR8\tarefas\ewarm\Obj: [1]
    RTX_Config.o                 34
    driverleds.o                340
    main.o                      840       28       32
    rtx_lib.o                     2      204    4 940
    startup_tm4c1294.o          664
    system_tm4c1294.o            60                 4
    uartstdio.o                  84       24        4
    -------------------------------------------------
    Total:                    2 024      256    4 980

RTX_CM4F.a: [2]
    irq_cm4f.o                  196
    os_systick.o                126                 1
    rtx_delay.o                 120
    rtx_evr.o                   112
    rtx_kernel.o                760       13      164
    rtx_memory.o                274
    rtx_mempool.o               230
    rtx_msgqueue.o            1 580
    rtx_mutex.o                 828
    rtx_system.o                372
    rtx_thread.o              2 140
    rtx_timer.o                 220
    -------------------------------------------------
    Total:                    6 958       13      165

dl7M_tln.a: [3]
    exit.o                        4
    low_level_init.o              4
    -------------------------------------------------
    Total:                        8

driverlib.a: [4]
    gpio.o                      684      552
    interrupt.o                 172               620
    sysctl.o                    696      588
    timer.o                     308      160
    uart.o                      160
    -------------------------------------------------
    Total:                    2 020    1 300      620

m7M_tls.a: [5]
    fpinit_M.o                   34
    -------------------------------------------------
    Total:                       34

rt7M_tl.a: [6]
    ABImemclr.o                   6
    ABImemclr4.o                  6
    ABImemcpy.o                 166
    ABImemset.o                  94
    ABImemset48.o                50
    cexit.o                      10
    cmain.o                      30
    cstartup_M.o                 12
    data_init.o                  40
    packbits_init_single.o       56
    zero_init3.o                 58
    -------------------------------------------------
    Total:                      528

shb_l.a: [7]
    exit.o                       20
    -------------------------------------------------
    Total:                       20

    Gaps                         16        4        4
    Linker created                        32   32 768
-----------------------------------------------------
    Grand Total:             11 608    1 605   38 537


*******************************************************************************
*** ENTRY LIST
***

Entry                       Address    Size  Type      Object
-----                       -------    ----  ----      ------
.iar.init_table$$Base        0x32a0           --   Gb  - Linker created -
.iar.init_table$$Limit       0x32c0           --   Gb  - Linker created -
?main                        0x32c1          Code  Gb  cmain.o [6]
CSTACK$$Base            0x2000'1a70           --   Gb  - Linker created -
CSTACK$$Limit           0x2000'9a70           --   Gb  - Linker created -
ConfigureUART                0x1965    0x36  Code  Gb  main.o [1]
CounterTimerInit             0x1b31    0x34  Code  Gb  main.o [1]
EvrRtxEventFlagsWaitTimeout
                              0xacd     0x2  Code  Wk  rtx_evr.o [2]
EvrRtxKernelError            0x29e5     0x2  Code  Wk  rtx_evr.o [2]
EvrRtxKernelGetState         0x2a2d     0x2  Code  Wk  rtx_evr.o [2]
EvrRtxKernelGetTickCount
                             0x2aad     0x2  Code  Wk  rtx_evr.o [2]
EvrRtxKernelInitialize       0x2aa9     0x2  Code  Wk  rtx_evr.o [2]
EvrRtxKernelInitialized
                             0x2a2b     0x2  Code  Wk  rtx_evr.o [2]
EvrRtxKernelStart            0x2aab     0x2  Code  Wk  rtx_evr.o [2]
EvrRtxKernelStarted          0x2aa5     0x2  Code  Wk  rtx_evr.o [2]
EvrRtxMemoryAlloc            0x1049     0x2  Code  Wk  rtx_evr.o [2]
EvrRtxMemoryBlockAlloc       0x1045     0x2  Code  Wk  rtx_evr.o [2]
EvrRtxMemoryBlockFree        0x1047     0x2  Code  Wk  rtx_evr.o [2]
EvrRtxMemoryBlockInit        0x1043     0x2  Code  Wk  rtx_evr.o [2]
EvrRtxMemoryFree             0x107f     0x2  Code  Wk  rtx_evr.o [2]
EvrRtxMemoryInit             0x2ab1     0x2  Code  Wk  rtx_evr.o [2]
EvrRtxMemoryPoolAllocTimeout
                              0xad3     0x2  Code  Wk  rtx_evr.o [2]
EvrRtxMessageQueueCreated
                             0x1773     0x2  Code  Wk  rtx_evr.o [2]
EvrRtxMessageQueueError
                             0x176b     0x2  Code  Wk  rtx_evr.o [2]
EvrRtxMessageQueueGet        0x18f7     0x2  Code  Wk  rtx_evr.o [2]
EvrRtxMessageQueueGetPending
                             0x1779     0x2  Code  Wk  rtx_evr.o [2]
EvrRtxMessageQueueGetTimeout
                              0xad5     0x2  Code  Wk  rtx_evr.o [2]
EvrRtxMessageQueueInsertPending
                             0x18f5     0x2  Code  Wk  rtx_evr.o [2]
EvrRtxMessageQueueInserted
                             0x1767     0x2  Code  Wk  rtx_evr.o [2]
EvrRtxMessageQueueNew        0x177d     0x2  Code  Wk  rtx_evr.o [2]
EvrRtxMessageQueueNotInserted
                             0x1777     0x2  Code  Wk  rtx_evr.o [2]
EvrRtxMessageQueueNotRetrieved
                             0x177b     0x2  Code  Wk  rtx_evr.o [2]
EvrRtxMessageQueuePut        0x177f     0x2  Code  Wk  rtx_evr.o [2]
EvrRtxMessageQueuePutPending
                             0x1775     0x2  Code  Wk  rtx_evr.o [2]
EvrRtxMessageQueuePutTimeout
                              0xad7     0x2  Code  Wk  rtx_evr.o [2]
EvrRtxMessageQueueRetrieved
                             0x1769     0x2  Code  Wk  rtx_evr.o [2]
EvrRtxMutexAcquire           0x108f     0x2  Code  Wk  rtx_evr.o [2]
EvrRtxMutexAcquirePending
                             0x1089     0x2  Code  Wk  rtx_evr.o [2]
EvrRtxMutexAcquireTimeout
                              0xacf     0x2  Code  Wk  rtx_evr.o [2]
EvrRtxMutexAcquired          0x1083     0x2  Code  Wk  rtx_evr.o [2]
EvrRtxMutexCreated           0x1087     0x2  Code  Wk  rtx_evr.o [2]
EvrRtxMutexError             0x1085     0x2  Code  Wk  rtx_evr.o [2]
EvrRtxMutexNew               0x108d     0x2  Code  Wk  rtx_evr.o [2]
EvrRtxMutexNotAcquired       0x108b     0x2  Code  Wk  rtx_evr.o [2]
EvrRtxMutexRelease           0x1091     0x2  Code  Wk  rtx_evr.o [2]
EvrRtxMutexReleased          0x1081     0x2  Code  Wk  rtx_evr.o [2]
EvrRtxSemaphoreAcquireTimeout
                              0xad1     0x2  Code  Wk  rtx_evr.o [2]
EvrRtxThreadBlocked           0xadf     0x2  Code  Wk  rtx_evr.o [2]
EvrRtxThreadCreated           0xc8f     0x2  Code  Wk  rtx_evr.o [2]
EvrRtxThreadDelayCompleted
                              0xac9     0x2  Code  Wk  rtx_evr.o [2]
EvrRtxThreadDelayUntil       0x2aaf     0x2  Code  Wk  rtx_evr.o [2]
EvrRtxThreadDestroyed        0x101b     0x2  Code  Wk  rtx_evr.o [2]
EvrRtxThreadError             0xc03     0x2  Code  Wk  rtx_evr.o [2]
EvrRtxThreadExit             0x1021     0x2  Code  Wk  rtx_evr.o [2]
EvrRtxThreadFlagsWaitCompleted
                              0xae1     0x2  Code  Wk  rtx_evr.o [2]
EvrRtxThreadFlagsWaitTimeout
                              0xacb     0x2  Code  Wk  rtx_evr.o [2]
EvrRtxThreadJoined           0x1019     0x2  Code  Wk  rtx_evr.o [2]
EvrRtxThreadNew              0x101d     0x2  Code  Wk  rtx_evr.o [2]
EvrRtxThreadPreempted         0xadb     0x2  Code  Wk  rtx_evr.o [2]
EvrRtxThreadSwitched          0xadd     0x2  Code  Wk  rtx_evr.o [2]
EvrRtxThreadUnblocked         0xad9     0x2  Code  Wk  rtx_evr.o [2]
EvrRtxThreadYield            0x101f     0x2  Code  Wk  rtx_evr.o [2]
EvrRtxTimerCallback          0x2ed9     0x2  Code  Wk  rtx_evr.o [2]
GPIODirModeSet               0x1fa3    0x28  Code  Gb  gpio.o [4]
GPIOInit                     0x1acb    0x66  Code  Gb  main.o [1]
GPIOIntClear                 0x211f     0x8  Code  Gb  gpio.o [4]
GPIOIntEnable                0x2119     0x6  Code  Gb  gpio.o [4]
GPIOIntRegister              0x2127    0x14  Code  Gb  gpio.o [4]
GPIOIntTypeSet               0x1fcb    0x4c  Code  Gb  gpio.o [4]
GPIOPadConfigSet             0x2017   0x102  Code  Gb  gpio.o [4]
GPIOPinConfigure             0x21b7    0x36  Code  Gb  gpio.o [4]
GPIOPinTypeGPIOInput         0x214f    0x14  Code  Gb  gpio.o [4]
GPIOPinTypeGPIOOutput        0x2163     0xa  Code  Gb  gpio.o [4]
GPIOPinTypeTimer             0x2187    0x14  Code  Gb  gpio.o [4]
GPIOPinTypeUART              0x219b    0x14  Code  Gb  gpio.o [4]
GPIOPinWrite                 0x2143     0x8  Code  Gb  gpio.o [4]
Init_MsgQueue                0x19dd    0x14  Code  Gb  main.o [1]
IntEnable                    0x28c1    0x46  Code  Gb  interrupt.o [4]
IntRegister                  0x2899    0x28  Code  Gb  interrupt.o [4]
LEDInit                      0x2691    0xc6  Code  Gb  driverleds.o [1]
LEDOff                       0x2795    0x3e  Code  Gb  driverleds.o [1]
LEDOn                        0x2757    0x3e  Code  Gb  driverleds.o [1]
LEDmutex_id             0x2000'140c     0x4  Data  Gb  main.o [1]
MessageQueueGet              0x10e1    0x40  Code  Lc  rtx_msgqueue.o [2]
MessageQueuePut              0x1095    0x4a  Code  Lc  rtx_msgqueue.o [2]
MessageQueueRemove           0x1121    0x1a  Code  Lc  rtx_msgqueue.o [2]
OS_Tick_AcknowledgeIRQ       0x1959     0xc  Code  Wk  os_systick.o [2]
OS_Tick_Enable               0x2a79    0x2c  Code  Wk  os_systick.o [2]
OS_Tick_GetIRQn              0x2a71     0x6  Code  Wk  os_systick.o [2]
OS_Tick_Setup                0x2a31    0x40  Code  Wk  os_systick.o [2]
PWM_thread                   0x19f1    0x66  Code  Gb  main.o [1]
PWM_thread1_id          0x2000'13f4     0x4  Data  Gb  main.o [1]
PWM_thread2_id          0x2000'13f8     0x4  Data  Gb  main.o [1]
PWM_thread3_id          0x2000'13fc     0x4  Data  Gb  main.o [1]
PWM_thread4_id          0x2000'1400     0x4  Data  Gb  main.o [1]
PendST                  0x2000'141c     0x1  Data  Lc  os_systick.o [2]
PendSV_Handler               0x2f75          Code  Gb  irq_cm4f.o [2]
PortJ_IntHandler             0x19d1     0xc  Code  Lc  main.o [1]
Region$$Table$$Base          0x32a0           --   Gb  - Linker created -
Region$$Table$$Limit         0x32c0           --   Gb  - Linker created -
SVC_Handler                  0x2edd          Code  Gb  irq_cm4f.o [2]
SysCtlClockFreqSet           0x1d17   0x20a  Code  Gb  sysctl.o [4]
SysCtlPeripheralEnable       0x1cf9     0x8  Code  Gb  sysctl.o [4]
SysCtlPeripheralPresent
                             0x1ccd     0xa  Code  Gb  sysctl.o [4]
SysCtlPeripheralReady        0x1cd7     0x8  Code  Gb  sysctl.o [4]
SysTick_Handler              0x2f85          Code  Gb  irq_cm4f.o [2]
SystemCoreClock         0x2000'1414     0x4  Data  Gb  system_tm4c1294.o [1]
SystemInit                   0x285d    0x20  Code  Gb  system_tm4c1294.o [1]
ThreadFlagsCheck              0x26d    0x6c  Code  Lc  rtx_thread.o [2]
Timer1Init                   0x1b65    0x3e  Code  Gb  main.o [1]
Timer1_ISR                   0x199b    0x36  Code  Gb  main.o [1]
TimerConfigure               0x22b3    0x54  Code  Gb  timer.o [4]
TimerControlEvent            0x231d    0x16  Code  Gb  timer.o [4]
TimerEnable                  0x22a3    0x10  Code  Gb  timer.o [4]
TimerInsert                  0x2dfd    0x38  Code  Lc  rtx_timer.o [2]
TimerIntClear                0x2393     0x6  Code  Gb  timer.o [4]
TimerIntEnable               0x2389     0xa  Code  Gb  timer.o [4]
TimerIntRegister             0x236f    0x1a  Code  Gb  timer.o [4]
TimerLoadSet                 0x234b    0x18  Code  Gb  timer.o [4]
TimerPrescaleSet             0x2333    0x18  Code  Gb  timer.o [4]
TimerValueGet                0x2363     0xc  Code  Gb  timer.o [4]
UARTConfigSetExpClk          0x2945    0x5c  Code  Gb  uart.o [4]
UARTDisable                  0x29bb    0x22  Code  Gb  uart.o [4]
UARTEnable                   0x29a1    0x1a  Code  Gb  uart.o [4]
UARTStdioConfig              0x2211    0x48  Code  Gb  uartstdio.o [1]
_GPIOIntNumberGet            0x1f65    0x3e  Code  Lc  gpio.o [4]
_SysCtlMemTimingGet          0x1cad    0x20  Code  Lc  sysctl.o [4]
_TimerIntNumberGet           0x2265    0x3e  Code  Lc  timer.o [4]
__Vectors                       0x0           --   Gb  startup_tm4c1294.o [1]
__Vectors_End                 0x26c          Data  Gb  startup_tm4c1294.o [1]
__Vectors_Size {Abs}          0x26c           --   Gb  startup_tm4c1294.o [1]
__aeabi_memclr               0x176d          Code  Gb  ABImemclr.o [6]
__aeabi_memclr4               0xc89          Code  Gb  ABImemclr4.o [6]
__aeabi_memcpy               0x16c1          Code  Gb  ABImemcpy.o [6]
__aeabi_memcpy4              0x16e1          Code  Gb  ABImemcpy.o [6]
__aeabi_memcpy8              0x16e1          Code  Gb  ABImemcpy.o [6]
__cmain                      0x32c1          Code  Gb  cmain.o [6]
__exit                       0x32f5    0x14  Code  Gb  exit.o [7]
__iar_Memset4_word           0x104d          Code  Gb  ABImemset48.o [6]
__iar_Memset8_word           0x104d          Code  Gb  ABImemset48.o [6]
__iar_Memset_word            0x18f9          Code  Gb  ABImemset.o [6]
__iar_data_init3             0x320d    0x28  Code  Gb  data_init.o [6]
__iar_init_vfp               0x327d          Code  Gb  fpinit_M.o [5]
__iar_packbits_init_single3
                             0x31a5    0x38  Code  Gb  packbits_init_single.o [6]
__iar_program_start          0x3365          Code  Gb  cstartup_M.o [6]
__iar_zero_init3              0xae3    0x3a  Code  Gb  zero_init3.o [6]
__low_level_init             0x32df     0x4  Code  Gb  low_level_init.o [3]
__vector_table                  0x0          Data  Gb  startup_tm4c1294.o [1]
__vector_table_0x1c            0x1c          Data  Gb  startup_tm4c1294.o [1]
_call_main                   0x32cd          Code  Gb  cmain.o [6]
_exit                        0x32e9          Code  Gb  cexit.o [6]
_main                        0x32db          Code  Gb  cmain.o [6]
exit                         0x32e3     0x4  Code  Gb  exit.o [3]
freq                    0x2000'1410     0x4  Data  Gb  main.o [1]
g_pfnRAMVectors         0x2000'1800   0x26c  Data  Lc  interrupt.o [4]
g_pppui32XTALtoVCO           0x2ab4   0x1b0  Data  Lc  sysctl.o [4]
g_ppui32GPIOIntMapBlizzard
                             0x2c64    0xc0  Data  Lc  gpio.o [4]
g_ppui32GPIOIntMapSnowflake
                             0x2d24    0xd8  Data  Lc  gpio.o [4]
g_ppui32TimerIntMap          0x2fa0    0x60  Data  Lc  timer.o [4]
g_ppui32TimerIntMapSnowflake
                             0x3000    0x40  Data  Lc  timer.o [4]
g_pui32EnRegs                0x2930    0x14  Data  Lc  interrupt.o [4]
g_pui32GPIOBaseAddrs         0x3040    0x90  Data  Lc  gpio.o [4]
g_pui32VCOFrequencies        0x1f5c     0x8  Data  Lc  sysctl.o [4]
g_pui32Xtals                 0x30d0    0x6c  Data  Lc  sysctl.o [4]
g_sXTALtoMEMTIM              0x31dc    0x30  Data  Lc  sysctl.o [4]
g_ui32Base              0x2000'1418     0x4  Data  Lc  uartstdio.o [1]
g_ui32UARTBase               0x334c     0xc  Data  Lc  uartstdio.o [1]
g_ui32UARTPeriph             0x3358     0xc  Data  Lc  uartstdio.o [1]
main                         0x1ba3    0x9e  Code  Gb  main.o [1]
mid_MsgQueue            0x2000'1408     0x4  Data  Gb  main.o [1]
osDelayUntil                 0x2819    0x3a  Code  Gb  rtx_delay.o [2]
osKernelGetState             0x25c5    0x40  Code  Gb  rtx_kernel.o [2]
osKernelGetTickCount         0x2639    0x20  Code  Gb  rtx_kernel.o [2]
osKernelInitialize           0x258d    0x38  Code  Gb  rtx_kernel.o [2]
osKernelStart                0x2605    0x34  Code  Gb  rtx_kernel.o [2]
osMessageQueueGet            0x161d    0x90  Code  Gb  rtx_msgqueue.o [2]
osMessageQueueNew            0x1545    0x3e  Code  Gb  rtx_msgqueue.o [2]
osMessageQueuePut            0x1585    0x98  Code  Gb  rtx_msgqueue.o [2]
osMutexAcquire                0xf89    0x3e  Code  Gb  rtx_mutex.o [2]
osMutexNew                    0xf51    0x36  Code  Gb  rtx_mutex.o [2]
osMutexRelease                0xfc9    0x3a  Code  Gb  rtx_mutex.o [2]
osRtxConfig                  0x313c    0x68  Data  Gb  rtx_lib.o [1]
osRtxErrorNotify             0x1023    0x20  Code  Wk  RTX_Config.o [1]
osRtxIdleThread               0xc87     0x2  Code  Wk  RTX_Config.o [1]
osRtxInfo               0x2000'0000    0xa4  Data  Gb  rtx_kernel.o [2]
osRtxKernelPreInit           0x2aa7     0x2  Code  Gb  rtx_lib.o [1]
osRtxMemoryAlloc              0xc05    0x82  Code  Wk  rtx_memory.o [2]
osRtxMemoryFree               0xc91    0x4c  Code  Wk  rtx_memory.o [2]
osRtxMemoryInit              0x29e7    0x44  Code  Wk  rtx_memory.o [2]
osRtxMemoryPoolAlloc          0xb69    0x44  Code  Gb  rtx_mempool.o [2]
osRtxMemoryPoolFree           0xbad    0x56  Code  Gb  rtx_mempool.o [2]
osRtxMemoryPoolInit           0xb1d    0x4a  Code  Gb  rtx_mempool.o [2]
osRtxMessageQueuePostProcess
                             0x113b    0xee  Code  Lc  rtx_msgqueue.o [2]
osRtxMutexOwnerRelease        0xcdd    0x4c  Code  Gb  rtx_mutex.o [2]
osRtxPendSV_Handler          0x17f1    0x8a  Code  Gb  rtx_system.o [2]
osRtxPostProcess             0x187d    0x6e  Code  Gb  rtx_system.o [2]
osRtxThreadBlock              0x52f    0x34  Code  Lc  rtx_thread.o [2]
osRtxThreadDelayInsert        0x353    0x66  Code  Lc  rtx_thread.o [2]
osRtxThreadDelayRemove        0x3b9    0x60  Code  Lc  rtx_thread.o [2]
osRtxThreadDelayTick          0x419   0x102  Code  Gb  rtx_thread.o [2]
osRtxThreadDispatch           0x57f    0x5c  Code  Gb  rtx_thread.o [2]
osRtxThreadFree               0x8b7    0x56  Code  Lc  rtx_thread.o [2]
osRtxThreadListGet            0x2fd    0x16  Code  Gb  rtx_thread.o [2]
osRtxThreadListPut            0x2d9    0x24  Code  Gb  rtx_thread.o [2]
osRtxThreadListRemove         0x335    0x16  Code  Gb  rtx_thread.o [2]
osRtxThreadListSort           0x313    0x22  Code  Gb  rtx_thread.o [2]
osRtxThreadPostProcess        0x651    0x50  Code  Lc  rtx_thread.o [2]
osRtxThreadReadyPut           0x34b     0x8  Code  Gb  rtx_thread.o [2]
osRtxThreadRegPtr             0x51b    0x14  Code  Gb  rtx_thread.o [2]
osRtxThreadStartup            0x9a9    0x3e  Code  Gb  rtx_thread.o [2]
osRtxThreadSwitch             0x563    0x1c  Code  Gb  rtx_thread.o [2]
osRtxThreadWaitEnter          0x615    0x3c  Code  Gb  rtx_thread.o [2]
osRtxThreadWaitExit           0x5e1    0x2e  Code  Gb  rtx_thread.o [2]
osRtxTick_Handler            0x1781    0x6e  Code  Gb  rtx_system.o [2]
osRtxTimerThread             0x2e8d    0x4c  Code  Wk  rtx_timer.o [2]
osRtxTimerTick               0x2e35    0x54  Code  Lc  rtx_timer.o [2]
osRtxUserSVC                 0x3370     0x4  Data  Wk  rtx_lib.o [1]
osThreadExit                  0xa65    0x16  Code  Gb  rtx_thread.o [2]
osThreadNew                   0x9e9    0x40  Code  Gb  rtx_thread.o [2]
osThreadYield                 0xa29    0x36  Code  Gb  rtx_thread.o [2]
os_idle_thread_attr          0x3234    0x24  Data  Lc  rtx_lib.o [1]
os_idle_thread_cb       0x2000'12f8    0x44  Data  Lc  rtx_lib.o [1]
os_idle_thread_stack    0x2000'10a8   0x100  Data  Lc  rtx_lib.o [1]
os_isr_queue            0x2000'1380    0x40  Data  Lc  rtx_lib.o [1]
os_mem                  0x2000'00a8  0x1000  Data  Lc  rtx_lib.o [1]
os_timer_mq_attr             0x3308    0x18  Data  Lc  rtx_lib.o [1]
os_timer_mq_cb          0x2000'13c0    0x34  Data  Lc  rtx_lib.o [1]
os_timer_mq_data        0x2000'12a8    0x50  Data  Lc  rtx_lib.o [1]
os_timer_thread_attr         0x3258    0x24  Data  Lc  rtx_lib.o [1]
os_timer_thread_cb      0x2000'133c    0x44  Data  Lc  rtx_lib.o [1]
os_timer_thread_stack   0x2000'11a8   0x100  Data  Lc  rtx_lib.o [1]
svcRtxDelayUntil             0x27e5    0x32  Code  Lc  rtx_delay.o [2]
svcRtxKernelGetState         0x24df    0x12  Code  Lc  rtx_kernel.o [2]
svcRtxKernelGetTickCount
                             0x2589     0x4  Code  Lc  rtx_kernel.o [2]
svcRtxKernelInitialize       0x2399   0x146  Code  Lc  rtx_kernel.o [2]
svcRtxKernelStart            0x24f1    0x98  Code  Lc  rtx_kernel.o [2]
svcRtxMessageQueueGet        0x142d    0xee  Code  Lc  rtx_msgqueue.o [2]
svcRtxMessageQueueNew        0x1229   0x130  Code  Lc  rtx_msgqueue.o [2]
svcRtxMessageQueuePut        0x1359    0xd4  Code  Lc  rtx_msgqueue.o [2]
svcRtxMutexAcquire            0xda7    0xd0  Code  Lc  rtx_mutex.o [2]
svcRtxMutexNew                0xd29    0x7e  Code  Lc  rtx_mutex.o [2]
svcRtxMutexRelease            0xe77    0xd0  Code  Lc  rtx_mutex.o [2]
svcRtxThreadExit              0x90d    0x96  Code  Lc  rtx_thread.o [2]
svcRtxThreadNew               0x6a1   0x1c8  Code  Lc  rtx_thread.o [2]
svcRtxThreadYield             0x86f    0x48  Code  Lc  rtx_thread.o [2]
threadControladora           0x1a57    0x74  Code  Gb  main.o [1]
threadControladora_id   0x2000'1404     0x4  Data  Gb  main.o [1]


[1] = F:\OneDrive\OneDrive - alunos.utfpr.edu.br\UTFPR\Engenharia\8Periodo\Sistemas Embarcados\Tiva_RTOS2_IAR8\tarefas\ewarm\Obj
[2] = RTX_CM4F.a
[3] = dl7M_tln.a
[4] = driverlib.a
[5] = m7M_tls.a
[6] = rt7M_tl.a
[7] = shb_l.a

  11 608 bytes of readonly  code memory
   1 605 bytes of readonly  data memory
  38 537 bytes of readwrite data memory

Errors: none
Warnings: none
